[Licensing::Module] Trying to connect to existing licensing client channel...
Built from '6000.0/respin/6000.0.58f2-44b8bf3a32' branch; Version is '6000.0.58f2 (92dee566b325) revision 9625317'; Using compiler version '193933523'; Build Type 'Release'
[Licensing::IpcConnector] Successfully connected to: "LicenseClient-Hyperlore14" at "2026-03-28T09:24:22.8680939Z"
OS: 'Windows 11  (10.0.26200) 64bit Professional' Language: 'en' Physical Memory: 65300 MB
BatchMode: 1, IsHumanControllingUs: 0, StartBugReporterOnCrash: 0, Is64bit: 1
Date: 2026-03-28T09:24:22Z

COMMAND LINE ARGUMENTS:
C:\Program Files\Unity\Hub\Editor\6000.0.58f2\Editor\Unity.exe
-batchmode
-nographics
-quit
-projectPath
P:\Game_RB_Project\RB_Project
-logFile
P:\Game_RB_Project\BuildArtifacts\unity_batch_check.log
Successfully changed project path to: P:\Game_RB_Project\RB_Project
P:/Game_RB_Project/RB_Project
[UnityMemory] Configuration Parameters - Can be set up in boot.config
    "memorysetup-bucket-allocator-granularity=16"
    "memorysetup-bucket-allocator-bucket-count=8"
    "memorysetup-bucket-allocator-block-size=33554432"
    "memorysetup-bucket-allocator-block-count=8"
    "memorysetup-main-allocator-block-size=16777216"
    "memorysetup-thread-allocator-block-size=16777216"
    "memorysetup-gfx-main-allocator-block-size=16777216"
    "memorysetup-gfx-thread-allocator-block-size=16777216"
    "memorysetup-cache-allocator-block-size=4194304"
    "memorysetup-typetree-allocator-block-size=2097152"
    "memorysetup-profiler-bucket-allocator-granularity=16"
    "memorysetup-profiler-bucket-allocator-bucket-count=8"
    "memorysetup-profiler-bucket-allocator-block-size=33554432"
    "memorysetup-profiler-bucket-allocator-block-count=8"
    "memorysetup-profiler-allocator-block-size=16777216"
    "memorysetup-profiler-editor-allocator-block-size=1048576"
    "memorysetup-temp-allocator-size-main=16777216"
    "memorysetup-job-temp-allocator-block-size=2097152"
    "memorysetup-job-temp-allocator-block-size-background=1048576"
    "memorysetup-job-temp-allocator-reduction-small-platforms=262144"
    "memorysetup-allocator-temp-initial-block-size-main=262144"
    "memorysetup-allocator-temp-initial-block-size-worker=262144"
    "memorysetup-temp-allocator-size-background-worker=32768"
    "memorysetup-temp-allocator-size-job-worker=262144"
    "memorysetup-temp-allocator-size-preload-manager=33554432"
    "memorysetup-temp-allocator-size-nav-mesh-worker=65536"
    "memorysetup-temp-allocator-size-audio-worker=65536"
    "memorysetup-temp-allocator-size-cloud-worker=32768"
    "memorysetup-temp-allocator-size-gi-baking-worker=262144"
    "memorysetup-temp-allocator-size-gi-baking-worker=262144"
    "memorysetup-temp-allocator-size-gi-baking-worker=262144"
    "memorysetup-temp-allocator-size-gi-baking-worker=262144"
    "memorysetup-temp-allocator-size-gi-baking-worker=262144"
    "memorysetup-temp-allocator-size-gfx=262144"
Player connection [20008]  Target information:

Player connection [20008]  * "[IP] 192.168.1.56 [Port] 55504 [Flags] 2 [Guid] 1357810397 [EditorId] 1357810397 [Version] 1048832 [Id] WindowsEditor(7,DESKTOP-NQCUTLR) [Debug] 1 [PackageName] WindowsEditor [ProjectName] Editor" 

Player connection [20008] Host joined multi-casting on [225.0.0.222:54997]...
Player connection [20008] Host joined alternative multi-casting on [225.0.0.222:34997]...
Input System module state changed to: Initialized.
[Physics::Module] Initialized fallback backend.
[Physics::Module] Id: 0xdecafbad
[Licensing::Client] Code 10 while verifying Licensing Client signature (process Id: 28012, path: "C:/Program Files/Unity Hub/UnityLicensingClient_V1/Unity.Licensing.Client.exe")
[Licensing::Module] LicensingClient has failed validation; ignoring
[Licensing::Client] Handshaking with LicensingClient:
  Version:                 1.17.4+4293ba1
  Session Id:              d3df396570ba440ba259e4f432e3275d
  Correlation Id:          f9f77836d3f62666a7e3261127e31d1f
  External correlation Id: 4620273873474669163
  Machine Id:              w63893k5l9picMYb3XFOn0wTLwc=
[Licensing::Module] Successfully connected to LicensingClient on channel: "LicenseClient-Hyperlore14" (connect: 0.00s, validation: 0.00s, handshake: 0.03s)
[Licensing::IpcConnector] Successfully connected to: "LicenseClient-Hyperlore14-notifications" at "2026-03-28T09:24:22.901468Z"
[Licensing::Module] Error: Access token is unavailable; failed to update
[Licensing::Client] Successfully resolved entitlement details
[Licensing::Module] License group:
  Id: 18967541698975-UnityPersXXXX
  Product: Unity Personal
  Type: Assigned
  Expiration: Unlimited
[Licensing::Client] Successfully updated license, isAsync: True, time: 0.00
[Licensing::Client] Successfully resolved entitlement details
[Licensing::Module] Licensing Background thread has ended after 0.04s
[Package Manager] Connected to IPC stream "Upm-27624" after 0.2 seconds.
Library Redirect Path: Library/
[Physics::Module] Selected backend.
[Physics::Module] Name: PhysX
[Physics::Module] Id: 0xf2b8ea05
[Physics::Module] SDK Version: 4.1.2
[Physics::Module] Integration Version: 1.0.0
[Physics::Module] Threading Mode: Multi-Threaded
Artifact Garbage Collection - Removed 142 unused hashed content filesRefreshing native plugins compatible for Editor in 0.41 ms, found 0 plugins.
Preloading 0 native plugins for Editor in 0.00 ms.
Initialize engine version: 6000.0.58f2 (92dee566b325)
[Subsystems] Discovering subsystems at path C:/Program Files/Unity/Hub/Editor/6000.0.58f2/Editor/Data/Resources/UnitySubsystems
[Subsystems] Discovering subsystems at path P:/Game_RB_Project/RB_Project/Assets
Forcing GfxDevice: Null
GfxDevice: creating device client; kGfxThreadingModeNonThreaded
NullGfxDevice:
    Version:  NULL 1.0 [1.0]
    Renderer: Null Device
    Vendor:   Unity Technologies
Shader Hidden/ProbeVolume/VoxelizeScene is not supported: GPU does not support conservative rasterization
Initialize mono
Mono path[0] = 'C:/Program Files/Unity/Hub/Editor/6000.0.58f2/Editor/Data/Managed'
Mono path[1] = 'C:/Program Files/Unity/Hub/Editor/6000.0.58f2/Editor/Data/MonoBleedingEdge/lib/mono/unityjit-win32'
Mono config path = 'C:/Program Files/Unity/Hub/Editor/6000.0.58f2/Editor/Data/MonoBleedingEdge/etc'
Using monoOptions --debugger-agent=transport=dt_socket,embedding=1,server=y,suspend=n,address=127.0.0.1:56624
Using cacheserver namespaces - metadata:defaultmetadata, artifacts:defaultartifacts
Using cacheserver namespaces - metadata:defaultmetadata, artifacts:defaultartifacts
ImportWorker Server TCP listen port: 0
AcceleratorClientConnectionCallback - disconnected - :0
Begin MonoManager ReloadAssembly
Registering precompiled unity dll's ...
Register platform support module: C:/Program Files/Unity/Hub/Editor/6000.0.58f2/Editor/Data/PlaybackEngines/WindowsStandaloneSupport/UnityEditor.WindowsStandalone.Extensions.dll
Registered in 0.001595 seconds.
- Loaded All Assemblies, in  0.291 seconds
Native extension for WindowsStandalone target not found
Mono: successfully reloaded assembly
- Finished resetting the current domain, in  0.252 seconds
Domain Reload Profiling: 543ms
	BeginReloadAssembly (99ms)
		ExecutionOrderSort (0ms)
		DisableScriptedObjects (0ms)
		BackupInstance (0ms)
		ReleaseScriptingObjects (0ms)
		CreateAndSetChildDomain (1ms)
	RebuildCommonClasses (29ms)
	RebuildNativeTypeToScriptingClass (9ms)
	initialDomainReloadingComplete (36ms)
	LoadAllAssembliesAndSetupDomain (118ms)
		LoadAssemblies (97ms)
		RebuildTransferFunctionScriptingTraits (0ms)
		AnalyzeDomain (116ms)
			TypeCache.Refresh (114ms)
				TypeCache.ScanAssembly (105ms)
			BuildScriptInfoCaches (0ms)
			ResolveRequiredComponents (0ms)
	FinalizeReload (253ms)
		ReleaseScriptCaches (0ms)
		RebuildScriptCaches (0ms)
		SetupLoadedEditorAssemblies (225ms)
			LogAssemblyErrors (0ms)
			InitializePlatformSupportModulesInManaged (19ms)
			SetLoadedEditorAssemblies (3ms)
			BeforeProcessingInitializeOnLoad (47ms)
			ProcessInitializeOnLoadAttributes (110ms)
			ProcessInitializeOnLoadMethodAttributes (46ms)
			AfterProcessingInitializeOnLoad (0ms)
			EditorAssembliesLoaded (0ms)
		ExecutionOrderSort2 (0ms)
		AwakeInstancesAfterBackupRestoration (0ms)
[Licensing::Client] Successfully resolved entitlement details
Application.AssetDatabase Initial Refresh Start
Package Manager log level set to [2]
[Package Manager] Restoring resolved packages state from cache
[Licensing::Client] Successfully resolved entitlement details
[Package Manager] Registered 74 packages:
  Packages from [https://packages.unity.com]:
    com.unity.ai.navigation@2.0.9 (location: P:\Game_RB_Project\RB_Project\Library\PackageCache\com.unity.ai.navigation@5218e4bf7edc)
    com.unity.animation.rigging@1.3.1 (location: P:\Game_RB_Project\RB_Project\Library\PackageCache\com.unity.animation.rigging@e106d1f78228)
    com.unity.behavior@1.0.13 (location: P:\Game_RB_Project\RB_Project\Library\PackageCache\com.unity.behavior@e4cb49353899)
    com.unity.cinemachine@3.1.5 (location: P:\Game_RB_Project\RB_Project\Library\PackageCache\com.unity.cinemachine@5342685532bb)
    com.unity.collab-proxy@2.10.0 (location: P:\Game_RB_Project\RB_Project\Library\PackageCache\com.unity.collab-proxy@1e5e48aff19d)
    com.unity.ide.rider@3.0.38 (location: P:\Game_RB_Project\RB_Project\Library\PackageCache\com.unity.ide.rider@1f60b3138684)
    com.unity.ide.visualstudio@2.0.23 (location: P:\Game_RB_Project\RB_Project\Library\PackageCache\com.unity.ide.visualstudio@198cdf337d13)
    com.unity.inputsystem@1.14.2 (location: P:\Game_RB_Project\RB_Project\Library\PackageCache\com.unity.inputsystem@be6c4fd0abf5)
    com.unity.probuilder@6.0.9 (location: P:\Game_RB_Project\RB_Project\Library\PackageCache\com.unity.probuilder@1f279ab829b7)
    com.unity.timeline@1.8.9 (location: P:\Game_RB_Project\RB_Project\Library\PackageCache\com.unity.timeline@6b9e48457ddb)
    com.unity.visualscripting@1.9.7 (location: P:\Game_RB_Project\RB_Project\Library\PackageCache\com.unity.visualscripting@6279e2b7c485)
    com.unity.burst@1.8.24 (location: P:\Game_RB_Project\RB_Project\Library\PackageCache\com.unity.burst@f7a407abf4d5)
    com.unity.entities@1.3.8 (location: P:\Game_RB_Project\RB_Project\Library\PackageCache\com.unity.entities@6a355619334f)
    com.unity.settings-manager@2.1.0 (location: P:\Game_RB_Project\RB_Project\Library\PackageCache\com.unity.settings-manager@41738c275190)
    com.unity.splines@2.8.1 (location: P:\Game_RB_Project\RB_Project\Library\PackageCache\com.unity.splines@b909627b5095)
    com.unity.dt.app-ui@2.0.0 (location: P:\Game_RB_Project\RB_Project\Library\PackageCache\com.unity.dt.app-ui@5d6dc8bfd8d9)
    com.unity.collections@2.5.1 (location: P:\Game_RB_Project\RB_Project\Library\PackageCache\com.unity.collections@56bff8827a7e)
    com.unity.nuget.newtonsoft-json@3.2.1 (location: P:\Game_RB_Project\RB_Project\Library\PackageCache\com.unity.nuget.newtonsoft-json@74deb55db2a0)
    com.unity.mathematics@1.3.2 (location: P:\Game_RB_Project\RB_Project\Library\PackageCache\com.unity.mathematics@8017b507cc74)
    com.unity.serialization@3.1.2 (location: P:\Game_RB_Project\RB_Project\Library\PackageCache\com.unity.serialization@582cbf30bbfd)
    com.unity.profiling.core@1.0.2 (location: P:\Game_RB_Project\RB_Project\Library\PackageCache\com.unity.profiling.core@aac7b93912bc)
    com.unity.nuget.mono-cecil@1.11.4 (location: P:\Game_RB_Project\RB_Project\Library\PackageCache\com.unity.nuget.mono-cecil@d6f9955a5d5f)
    com.unity.scriptablebuildpipeline@2.4.0 (location: P:\Game_RB_Project\RB_Project\Library\PackageCache\com.unity.scriptablebuildpipeline@7e8a1cf5a47d)
    com.unity.test-framework.performance@3.1.0 (location: P:\Game_RB_Project\RB_Project\Library\PackageCache\com.unity.test-framework.performance@92d1d09a72ed)
    com.unity.searcher@4.9.3 (location: P:\Game_RB_Project\RB_Project\Library\PackageCache\com.unity.searcher@1e17ce91558d)
  Built-in packages:
    com.unity.2d.sprite@1.0.0 (location: P:\Game_RB_Project\RB_Project\Library\PackageCache\com.unity.2d.sprite@897b7eecf04e)
    com.unity.multiplayer.center@1.0.0 (location: P:\Game_RB_Project\RB_Project\Library\PackageCache\com.unity.multiplayer.center@f3fb577b3546)
    com.unity.render-pipelines.universal@17.0.4 (location: P:\Game_RB_Project\RB_Project\Library\PackageCache\com.unity.render-pipelines.universal@e1fa89d1f997)
    com.unity.test-framework@1.5.1 (location: P:\Game_RB_Project\RB_Project\Library\PackageCache\com.unity.test-framework@1f954279c37e)
    com.unity.ugui@2.0.0 (location: P:\Game_RB_Project\RB_Project\Library\PackageCache\com.unity.ugui@aa507f3228f0)
    com.unity.modules.accessibility@1.0.0 (location: C:\Program Files\Unity\Hub\Editor\6000.0.58f2\Editor\Data\Resources\PackageManager\BuiltInPackages\com.unity.modules.accessibility)
    com.unity.modules.ai@1.0.0 (location: C:\Program Files\Unity\Hub\Editor\6000.0.58f2\Editor\Data\Resources\PackageManager\BuiltInPackages\com.unity.modules.ai)
    com.unity.modules.androidjni@1.0.0 (location: C:\Program Files\Unity\Hub\Editor\6000.0.58f2\Editor\Data\Resources\PackageManager\BuiltInPackages\com.unity.modules.androidjni)
    com.unity.modules.animation@1.0.0 (location: C:\Program Files\Unity\Hub\Editor\6000.0.58f2\Editor\Data\Resources\PackageManager\BuiltInPackages\com.unity.modules.animation)
    com.unity.modules.assetbundle@1.0.0 (location: C:\Program Files\Unity\Hub\Editor\6000.0.58f2\Editor\Data\Resources\PackageManager\BuiltInPackages\com.unity.modules.assetbundle)
    com.unity.modules.audio@1.0.0 (location: C:\Program Files\Unity\Hub\Editor\6000.0.58f2\Editor\Data\Resources\PackageManager\BuiltInPackages\com.unity.modules.audio)
    com.unity.modules.cloth@1.0.0 (location: C:\Program Files\Unity\Hub\Editor\6000.0.58f2\Editor\Data\Resources\PackageManager\BuiltInPackages\com.unity.modules.cloth)
    com.unity.modules.director@1.0.0 (location: C:\Program Files\Unity\Hub\Editor\6000.0.58f2\Editor\Data\Resources\PackageManager\BuiltInPackages\com.unity.modules.director)
    com.unity.modules.imageconversion@1.0.0 (location: C:\Program Files\Unity\Hub\Editor\6000.0.58f2\Editor\Data\Resources\PackageManager\BuiltInPackages\com.unity.modules.imageconversion)
    com.unity.modules.imgui@1.0.0 (location: C:\Program Files\Unity\Hub\Editor\6000.0.58f2\Editor\Data\Resources\PackageManager\BuiltInPackages\com.unity.modules.imgui)
    com.unity.modules.jsonserialize@1.0.0 (location: C:\Program Files\Unity\Hub\Editor\6000.0.58f2\Editor\Data\Resources\PackageManager\BuiltInPackages\com.unity.modules.jsonserialize)
    com.unity.modules.particlesystem@1.0.0 (location: C:\Program Files\Unity\Hub\Editor\6000.0.58f2\Editor\Data\Resources\PackageManager\BuiltInPackages\com.unity.modules.particlesystem)
    com.unity.modules.physics@1.0.0 (location: C:\Program Files\Unity\Hub\Editor\6000.0.58f2\Editor\Data\Resources\PackageManager\BuiltInPackages\com.unity.modules.physics)
    com.unity.modules.physics2d@1.0.0 (location: C:\Program Files\Unity\Hub\Editor\6000.0.58f2\Editor\Data\Resources\PackageManager\BuiltInPackages\com.unity.modules.physics2d)
    com.unity.modules.screencapture@1.0.0 (location: C:\Program Files\Unity\Hub\Editor\6000.0.58f2\Editor\Data\Resources\PackageManager\BuiltInPackages\com.unity.modules.screencapture)
    com.unity.modules.terrain@1.0.0 (location: C:\Program Files\Unity\Hub\Editor\6000.0.58f2\Editor\Data\Resources\PackageManager\BuiltInPackages\com.unity.modules.terrain)
    com.unity.modules.terrainphysics@1.0.0 (location: C:\Program Files\Unity\Hub\Editor\6000.0.58f2\Editor\Data\Resources\PackageManager\BuiltInPackages\com.unity.modules.terrainphysics)
    com.unity.modules.tilemap@1.0.0 (location: C:\Program Files\Unity\Hub\Editor\6000.0.58f2\Editor\Data\Resources\PackageManager\BuiltInPackages\com.unity.modules.tilemap)
    com.unity.modules.ui@1.0.0 (location: C:\Program Files\Unity\Hub\Editor\6000.0.58f2\Editor\Data\Resources\PackageManager\BuiltInPackages\com.unity.modules.ui)
    com.unity.modules.uielements@1.0.0 (location: C:\Program Files\Unity\Hub\Editor\6000.0.58f2\Editor\Data\Resources\PackageManager\BuiltInPackages\com.unity.modules.uielements)
    com.unity.modules.umbra@1.0.0 (location: C:\Program Files\Unity\Hub\Editor\6000.0.58f2\Editor\Data\Resources\PackageManager\BuiltInPackages\com.unity.modules.umbra)
    com.unity.modules.unityanalytics@1.0.0 (location: C:\Program Files\Unity\Hub\Editor\6000.0.58f2\Editor\Data\Resources\PackageManager\BuiltInPackages\com.unity.modules.unityanalytics)
    com.unity.modules.unitywebrequest@1.0.0 (location: C:\Program Files\Unity\Hub\Editor\6000.0.58f2\Editor\Data\Resources\PackageManager\BuiltInPackages\com.unity.modules.unitywebrequest)
    com.unity.modules.unitywebrequestassetbundle@1.0.0 (location: C:\Program Files\Unity\Hub\Editor\6000.0.58f2\Editor\Data\Resources\PackageManager\BuiltInPackages\com.unity.modules.unitywebrequestassetbundle)
    com.unity.modules.unitywebrequestaudio@1.0.0 (location: C:\Program Files\Unity\Hub\Editor\6000.0.58f2\Editor\Data\Resources\PackageManager\BuiltInPackages\com.unity.modules.unitywebrequestaudio)
    com.unity.modules.unitywebrequesttexture@1.0.0 (location: C:\Program Files\Unity\Hub\Editor\6000.0.58f2\Editor\Data\Resources\PackageManager\BuiltInPackages\com.unity.modules.unitywebrequesttexture)
    com.unity.modules.unitywebrequestwww@1.0.0 (location: C:\Program Files\Unity\Hub\Editor\6000.0.58f2\Editor\Data\Resources\PackageManager\BuiltInPackages\com.unity.modules.unitywebrequestwww)
    com.unity.modules.vehicles@1.0.0 (location: C:\Program Files\Unity\Hub\Editor\6000.0.58f2\Editor\Data\Resources\PackageManager\BuiltInPackages\com.unity.modules.vehicles)
    com.unity.modules.video@1.0.0 (location: C:\Program Files\Unity\Hub\Editor\6000.0.58f2\Editor\Data\Resources\PackageManager\BuiltInPackages\com.unity.modules.video)
    com.unity.modules.vr@1.0.0 (location: C:\Program Files\Unity\Hub\Editor\6000.0.58f2\Editor\Data\Resources\PackageManager\BuiltInPackages\com.unity.modules.vr)
    com.unity.modules.wind@1.0.0 (location: C:\Program Files\Unity\Hub\Editor\6000.0.58f2\Editor\Data\Resources\PackageManager\BuiltInPackages\com.unity.modules.wind)
    com.unity.modules.xr@1.0.0 (location: C:\Program Files\Unity\Hub\Editor\6000.0.58f2\Editor\Data\Resources\PackageManager\BuiltInPackages\com.unity.modules.xr)
    com.unity.modules.subsystems@1.0.0 (location: C:\Program Files\Unity\Hub\Editor\6000.0.58f2\Editor\Data\Resources\PackageManager\BuiltInPackages\com.unity.modules.subsystems)
    com.unity.modules.hierarchycore@1.0.0 (location: C:\Program Files\Unity\Hub\Editor\6000.0.58f2\Editor\Data\Resources\PackageManager\BuiltInPackages\com.unity.modules.hierarchycore)
    com.unity.ext.nunit@2.0.5 (location: P:\Game_RB_Project\RB_Project\Library\PackageCache\com.unity.ext.nunit@031a54704bff)
    com.unity.render-pipelines.core@17.0.4 (location: P:\Game_RB_Project\RB_Project\Library\PackageCache\com.unity.render-pipelines.core@05f02f04fe74)
    com.unity.shadergraph@17.0.4 (location: P:\Game_RB_Project\RB_Project\Library\PackageCache\com.unity.shadergraph@7ccd16edcc88)
    com.unity.render-pipelines.universal-config@17.0.3 (location: P:\Game_RB_Project\RB_Project\Library\PackageCache\com.unity.render-pipelines.universal-config@dd206bf35d04)
    com.unity.rendering.light-transport@1.0.1 (location: P:\Game_RB_Project\RB_Project\Library\PackageCache\com.unity.rendering.light-transport@9bd588f963c0)
  Embedded packages:
    com.kybernetik.animancer@file:P:\Game_RB_Project\RB_Project\Packages\com.kybernetik.animancer (location: P:\Game_RB_Project\RB_Project\Packages\com.kybernetik.animancer)
    com.opsive.behaviordesigner@file:P:\Game_RB_Project\RB_Project\Packages\com.opsive.behaviordesigner (location: P:\Game_RB_Project\RB_Project\Packages\com.opsive.behaviordesigner)
    com.opsive.graphdesigner@file:P:\Game_RB_Project\RB_Project\Packages\com.opsive.graphdesigner (location: P:\Game_RB_Project\RB_Project\Packages\com.opsive.graphdesigner)
    com.opsive.shared@file:P:\Game_RB_Project\RB_Project\Packages\com.opsive.shared (location: P:\Game_RB_Project\RB_Project\Packages\com.opsive.shared)
    com.singularitygroup.hotreload@file:P:\Game_RB_Project\RB_Project\Packages\com.singularitygroup.hotreload (location: P:\Game_RB_Project\RB_Project\Packages\com.singularitygroup.hotreload)
[Subsystems] No new subsystems found in resolved package list.
[Package Manager] Done registering packages in 0.02 seconds
The .meta file Assets/Scripts/Player/CharactorContext.cs.meta does not have a valid GUID and its corresponding Asset file will be ignored. If this file is not malformed, please add a GUID, or delete the .meta file and it will be recreated correctly
Assembly reference Packages/com.unity.cinemachine/Editor/Samples/ExposeHDRPInternals/HDRP-Editor-ref.asmref has no target assembly definition
Assembly reference Packages/com.unity.entities/Unity.Scenes.Editor/Internals/Properties/Unity.Properties.Internals.asmref has no target assembly definition
Assembly reference Packages/com.unity.cinemachine/Editor/Samples/ExposeHDRPInternals/HDRP-Editor-ref.asmref has no target assembly definition
Assembly reference Packages/com.unity.entities/Unity.Scenes.Editor/Internals/Properties/Unity.Properties.Internals.asmref has no target assembly definition
Refreshing native plugins compatible for Editor in 1.57 ms, found 5 plugins.
Starting: C:\Program Files\Unity\Hub\Editor\6000.0.58f2\Editor\Data\bee_backend.exe --ipc --defer-dag-verification --dagfile="Library/Bee/1900b0aE.dag" --continue-on-failure --profile="Library/Bee/backend1.traceevents" ScriptAssemblies
WorkingDir: P:/Game_RB_Project/RB_Project
DisplayProgressbar: Compiling Scripts
ExitCode: 0 Duration: 0s264ms
[1329/1771  0s] ILPP-Configuration Library/ilpp-configuration.nevergeneratedoutput
*** Tundra build success (0.24 seconds), 1 items updated, 1771 evaluated
AssetDatabase: script compilation time: 0.712405s
Begin MonoManager ReloadAssembly
- Loaded All Assemblies, in  0.984 seconds
'Assets/Plugins/FImpossible Creations/Editor/Plugins - Editor - Animating/Ragdoll Animator/RagdollAnimator.Editor.cs' contains partial class of Unity.Object, exactly 1 of the partial classes needs to be in a file with the same filename. This is to know the one that can be referenced from ie. GameObjects
'Packages/com.unity.cinemachine/Editor/Editors/CinemachineVirtualCameraBaseEditor.cs' contains partial class of Unity.Object, exactly 1 of the partial classes needs to be in a file with the same filename. This is to know the one that can be referenced from ie. GameObjects
'Packages/com.unity.cinemachine/Editor/Obsolete/CinemachineVirtualCameraBaseEditor.cs' contains partial class of Unity.Object, exactly 1 of the partial classes needs to be in a file with the same filename. This is to know the one that can be referenced from ie. GameObjects
'Assets/Plugins/FImpossible Creations/Editor/Plugins - Editor - Animating/Ragdoll Animator/RagdollAnimator.Editor.Generator.Tabs.cs' contains partial class of Unity.Object, exactly 1 of the partial classes needs to be in a file with the same filename. This is to know the one that can be referenced from ie. GameObjects
Refreshing native plugins compatible for Editor in 1.39 ms, found 5 plugins.
Native extension for WindowsStandalone target not found
Assembly reference Packages/com.unity.cinemachine/Editor/Samples/ExposeHDRPInternals/HDRP-Editor-ref.asmref has no target assembly definition
Assembly reference Packages/com.unity.entities/Unity.Scenes.Editor/Internals/Properties/Unity.Properties.Internals.asmref has no target assembly definition
TypeManager.Initialize took: 523ms
[MODES] ModeService[none].Initialize
[MODES] ModeService[none].LoadModes
[MODES] Loading mode Default (0) for mode-current-id-BA Clone
Refreshing native plugins compatible for Editor in 1.49 ms, found 5 plugins.
Mono: successfully reloaded assembly
- Finished resetting the current domain, in  6.591 seconds
Domain Reload Profiling: 7574ms
	BeginReloadAssembly (245ms)
		ExecutionOrderSort (0ms)
		DisableScriptedObjects (9ms)
		BackupInstance (0ms)
		ReleaseScriptingObjects (0ms)
		CreateAndSetChildDomain (137ms)
	RebuildCommonClasses (28ms)
	RebuildNativeTypeToScriptingClass (9ms)
	initialDomainReloadingComplete (46ms)
	LoadAllAssembliesAndSetupDomain (654ms)
		LoadAssemblies (345ms)
		RebuildTransferFunctionScriptingTraits (0ms)
		AnalyzeDomain (381ms)
			TypeCache.Refresh (288ms)
				TypeCache.ScanAssembly (273ms)
			BuildScriptInfoCaches (76ms)
			ResolveRequiredComponents (13ms)
	FinalizeReload (6592ms)
		ReleaseScriptCaches (0ms)
		RebuildScriptCaches (0ms)
		SetupLoadedEditorAssemblies (6376ms)
			LogAssemblyErrors (0ms)
			InitializePlatformSupportModulesInManaged (11ms)
			SetLoadedEditorAssemblies (4ms)
			BeforeProcessingInitializeOnLoad (161ms)
			ProcessInitializeOnLoadAttributes (4212ms)
			ProcessInitializeOnLoadMethodAttributes (1985ms)
			AfterProcessingInitializeOnLoad (3ms)
			EditorAssembliesLoaded (0ms)
		ExecutionOrderSort2 (0ms)
		AwakeInstancesAfterBackupRestoration (6ms)
Cannot load. Path Packages/com.unity.render-pipelines.universal/Shaders/AutodeskInteractive/AutodeskInteractive.shadergraph is correct but AssetDatabase cannot load now.
UnityEngine.Debug:ExtractStackTraceNoAlloc (byte*,int,string)
UnityEngine.StackTraceUtility:ExtractStackTrace ()
UnityEngine.DebugLogHandler:Internal_Log (UnityEngine.LogType,UnityEngine.LogOption,string,UnityEngine.Object)
UnityEngine.DebugLogHandler:LogFormat (UnityEngine.LogType,UnityEngine.Object,string,object[])
UnityEngine.Logger:Log (UnityEngine.LogType,object)
UnityEngine.Debug:LogError (object)
UnityEditor.Rendering.RenderPipelineResourcesEditorUtils:TryReloadContainedNullFields (UnityEngine.Rendering.IRenderPipelineResources)
UnityEditor.Rendering.Settings.RenderPipelineGraphicsSettingsManager:UpdateRenderPipelineGlobalSettings (UnityEditor.Rendering.Settings.RenderPipelineGraphicsSettingsManager/RenderPipelineGraphicsSettingsInfo,UnityEngine.Rendering.RenderPipelineGlobalSettings,bool&,UnityEngine.Rendering.IRenderPipelineGraphicsSettings&)
UnityEditor.Rendering.Settings.RenderPipelineGraphicsSettingsManager:PopulateRenderPipelineGraphicsSettings (UnityEngine.Rendering.RenderPipelineGlobalSettings)
UnityEditor.Rendering.EditorGraphicsSettings:SetRenderPipelineGlobalSettingsAsset (System.Type,UnityEngine.Rendering.RenderPipelineGlobalSettings)
UnityEditor.Rendering.EditorGraphicsSettings:SetRenderPipelineGlobalSettingsAsset<UnityEngine.Rendering.Universal.UniversalRenderPipeline> (UnityEngine.Rendering.RenderPipelineGlobalSettings)
UnityEngine.Rendering.RenderPipelineGlobalSettingsUtils:TryEnsure<UnityEngine.Rendering.Universal.UniversalRenderPipelineGlobalSettings, UnityEngine.Rendering.Universal.UniversalRenderPipeline> (UnityEngine.Rendering.Universal.UniversalRenderPipelineGlobalSettings&,string,bool,System.Exception&) (at ./Library/PackageCache/com.unity.render-pipelines.core@05f02f04fe74/Runtime/RenderPipeline/RenderPipelineGlobalSettingsUtils.cs:138)
UnityEngine.Rendering.RenderPipelineGlobalSettingsUtils:TryEnsure<UnityEngine.Rendering.Universal.UniversalRenderPipelineGlobalSettings, UnityEngine.Rendering.Universal.UniversalRenderPipeline> (UnityEngine.Rendering.Universal.UniversalRenderPipelineGlobalSettings&,string,bool) (at ./Library/PackageCache/com.unity.render-pipelines.core@05f02f04fe74/Runtime/RenderPipeline/RenderPipelineGlobalSettingsUtils.cs:90)
UnityEngine.Rendering.Universal.UniversalRenderPipelineGlobalSettings:Ensure (bool) (at ./Library/PackageCache/com.unity.render-pipelines.universal@e1fa89d1f997/Runtime/UniversalRenderPipelineGlobalSettings.cs:244)
UnityEditor.Rendering.Universal.UniversalRenderPipelineGlobalSettingsPostprocessor:OnPostprocessAllAssets (string[],string[],string[],string[],bool) (at ./Library/PackageCache/com.unity.render-pipelines.universal@e1fa89d1f997/Editor/AssetPostProcessors/UniversalRenderPipelineGlobalSettingsPostprocessor.cs:14)
System.Reflection.RuntimeMethodInfo:Invoke (object,System.Reflection.BindingFlags,System.Reflection.Binder,object[],System.Globalization.CultureInfo)
System.Reflection.MethodBase:Invoke (object,object[])
UnityEditor.AssetPostprocessingInternal:InvokeMethod (System.Reflection.MethodInfo,object[])
UnityEditor.AssetPostprocessingInternal:PostprocessAllAssets (string[],string[],string[],string[],string[],bool)

(Filename: ./Library/PackageCache/com.unity.render-pipelines.core@05f02f04fe74/Runtime/RenderPipeline/RenderPipelineGlobalSettingsUtils.cs Line: 138)

Asset Pipeline Refresh (id=9f8694a1f3a8cf44d8b412ebb3c49a9e): Total: 9.243 seconds - Initiated by InitialRefreshV2(ForceSynchronousImport)
	Summary:
		Imports: total=0 (actual=0, local cache=0, cache server=0)
		Asset DB Process Time: managed=0 ms, native=7327 ms
		Asset DB Callback time: managed=120 ms, native=19 ms
		Scripting: domain reloads=1, domain reload time=985 ms, compile time=714 ms, other=76 ms
		Project Asset Count: scripts=2962, non-scripts=11366
		Asset File Changes: new=0, changed=0, moved=0, deleted=0
		Scan Filter Count: 0
	InvokeCustomDependenciesCallbacks: 0.001ms
	InvokePackagesCallback: 21.509ms
	ApplyChangesToAssetFolders: 1.477ms
	Scan: 255.213ms
	OnSourceAssetsModified: 0.001ms
	CategorizeAssetsWithTransientArtifact: 72.794ms
	ProcessAssetsWithTransientArtifactChanges: 110.333ms
	CategorizeAssets: 129.552ms
	ImportOutOfDateAssets: 6606.007ms (5887.328ms without children)
		CompileScripts: 713.565ms
		ReloadNativeAssets: 0.029ms
		UnloadImportedAssets: 1.674ms
		EnsureUptoDateAssetsAreRegisteredWithGuidPM: 1.671ms
		InitializingProgressBar: 0.000ms
		PostProcessAllAssetNotificationsAddChangedAssets: 0.000ms
		OnDemandSchedulerStart: 1.738ms
	PostProcessAllAssets: 120.466ms
	GatherAllCurrentPrimaryArtifactRevisions: 0.001ms
	UnloadStreamsBegin: 2.501ms
	PersistCurrentRevisions: 0.515ms
	UnloadStreamsEnd: 0.001ms
	GenerateScriptTypeHashes: 4.223ms
	Untracked: 1922.845ms

Application.AssetDatabase Initial Refresh End
Scanning for USB devices : 2.943ms
Initializing Unity extensions:
Unloading 23 Unused Serialized files (Serialized files now loaded: 0)
Unloading 10951 unused Assets / (4.5 MB). Loaded Objects now: 15191.
Memory consumption went from 297.2 MB to 292.7 MB.
Total: 32.152600 ms (FindLiveObjects: 0.633300 ms CreateObjectMapping: 0.507700 ms MarkObjects: 27.997400 ms  DeleteObjects: 3.013100 ms)

Batchmode quit successfully invoked - shutting down!
Curl error 42: Callback aborted
Unloading 39 Unused Serialized files (Serialized files now loaded: 0)
Start importing ProjectSettings/EditorBuildSettings.asset using Guid(0000000000000000b000000000000000) (LibraryAssetImporter) -> (artifact id: '43d7ceb5c304e72aa3ec5be430c862ef') in 0.0057333 seconds
Refreshing native plugins compatible for Editor in 1.43 ms, found 5 plugins.
Preloading 1 native plugins for Editor in 0.05 ms.
Asset Pipeline Refresh (id=6e85ba3cc0a34824490ffba73fe8b696): Total: 0.450 seconds - Initiated by StopAssetImportingV2(NoUpdateAssetOptions)
	Summary:
		Imports: total=1 (actual=1, local cache=0, cache server=0)
		Asset DB Process Time: managed=2 ms, native=113 ms
		Asset DB Callback time: managed=330 ms, native=4 ms
		Scripting: domain reloads=0, domain reload time=0 ms, compile time=0 ms, other=0 ms
		Project Asset Count: scripts=2962, non-scripts=11366
		Asset File Changes: new=0, changed=0, moved=0, deleted=0
		Scan Filter Count: 1
	InvokeCustomDependenciesCallbacks: 0.000ms
	InvokePackagesCallback: 0.000ms
	ApplyChangesToAssetFolders: 0.128ms
	Scan: 15.225ms
	OnSourceAssetsModified: 0.000ms
	CategorizeAssetsWithTransientArtifact: 0.011ms
	ProcessAssetsWithTransientArtifactChanges: 0.051ms
	CategorizeAssets: 75.956ms
	ImportOutOfDateAssets: 11.100ms (0.672ms without children)
		ImportManagerImport: 6.984ms (1.033ms without children)
			ImportInProcess: 5.931ms
			UpdateCategorizedAssets: 0.020ms
		ReloadNativeAssets: 0.077ms
		UnloadImportedAssets: 0.156ms
		ReloadImportedAssets: 0.000ms
		EnsureUptoDateAssetsAreRegisteredWithGuidPM: 1.788ms
		InitializingProgressBar: 0.001ms
		PostProcessAllAssetNotificationsAddChangedAssets: 0.000ms
		OnDemandSchedulerStart: 1.421ms
	PostProcessAllAssets: 332.943ms
	Hotreload: 1.919ms
	GatherAllCurrentPrimaryArtifactRevisions: 0.736ms
	UnloadStreamsBegin: 0.002ms
	PersistCurrentRevisions: 0.449ms
	UnloadStreamsEnd: 0.001ms
	Untracked: 11.788ms

Unloading 20 unused Assets / (0.5 KB). Loaded Objects now: 15304.
Memory consumption went from 305.7 MB to 305.7 MB.
Total: 32.165900 ms (FindLiveObjects: 0.449300 ms CreateObjectMapping: 0.284100 ms MarkObjects: 31.387100 ms  DeleteObjects: 0.043900 ms)

[Physics::Module] Cleanup current backned.
[Physics::Module] Id: 0xf2b8ea05
Input System module state changed to: ShutdownInProgress.
Input System polling thread exited.
Input System module state changed to: Shutdown.
[Licensing::IpcConnector] LicenseClient-Hyperlore14-notifications channel disconnected successfully.
[Licensing::IpcConnector] LicenseClient-Hyperlore14 channel disconnected successfully.
AcceleratorClientConnectionCallback - disconnected - :0
Cleanup mono
16:24:35.901 |V| RiderPlugin                    | :1                             | AppDomain.CurrentDomain.DomainUnload lifetimeDefinition.Terminate
Exiting batchmode successfully now!
Exiting without the bug reporter. Application will terminate with return code 0